Very simple 🙂 Julia में “Hello, World!” program लिखना बहुत आसान है।

सबसे basic program:

```julia
println("Hello, World!")
```

---

### Run करने के तरीके

1. **Directly in REPL (Julia console)**
   बस Julia खोलो और टाइप करो:

   ```julia
   julia> println("Hello, World!")
   Hello, World!
   ```

2. **File में लिखकर run करना**

   * एक file बनाओ `hello.jl` नाम से।
   * उसमें लिखो:

     ```julia
     println("Hello, World!")
     ```
   * फिर terminal/cmd में run करो:

     ```bash
     julia hello.jl
     ```

---

👉 बस! आपका पहला Julia program run हो जाएगा 🎉

क्या आप चाहोगे कि मैं आपको Julia में **Hello World program का step-by-step execution flow** भी समझाऊँ (जैसे memory में क्या होता है, output कैसे आता है)?
=================================================================================================================
ठीक है 👍 मैं समझाता हूँ।

Julia में **Arrays** बहुत flexible होते हैं।
आप अलग-अलग तरह के elements (numbers, strings, functions, constants आदि) एक ही array में डाल सकते हो।

### 1. **Arrays of Anything**

```julia
julia> [1, "TutorialsPoint.com", 5.5, tan, pi]
5-element Array{Any,1}:
 1
 "TutorialsPoint.com"
 5.5
 tan (generic function with 12 methods)
 π = 3.1415926535897...
```

👉 इसका मतलब है कि इस array के elements के type अलग-अलग हैं:

* `1` (Integer)
* `"TutorialsPoint.com"` (String)
* `5.5` (Float)
* `tan` (Function)
* `pi` (Constant)

Julia ने इसे automatically `Array{Any,1}` type का बना दिया।
यानि इसमें **कुछ भी रखा जा सकता है** (Any type)।

---

### 2. **Empty Arrays**

Julia में आप खाली array भी बना सकते हो, लेकिन आपको type बताना पड़ता है।

```julia
julia> A = Int64[]
Int64[]
```

👉 यह एक **खाली array** है जिसमें आगे चलकर केवल `Int64` values रखी जा सकती हैं।

```julia
julia> B = String[]
String[]
```

👉 यह एक **खाली array** है जिसमें आगे चलकर केवल `String` values रखी जा सकती हैं।

---

### Simple Example:

```julia
nums = Int64[]   # खाली integer array
push!(nums, 10)  # element डालना
push!(nums, 20)

println(nums)    # Output: [10, 20]
```

---

➡️ तो,

* **Mixed array** बनाने के लिए type declare मत करो (Julia उसे `Any` मान लेगा)।
* **Specific type array** के लिए `Int64[]`, `String[]` आदि लिखो।

---

क्या आप चाहोगे कि मैं आपको एक **comparison table** बना दूँ (Mixed array बनाम Typed empty array) ताकि फर्क साफ दिखे?
============================================================================================
बिलकुल 👍 आपने जो example दिखाया है वो Julia में **range objects** से array बनाने का तरीका है।
चलो step by step समझते हैं:

---

### 🔹 1. `collect()` function के साथ range

Julia में **range** सिर्फ एक “lazy sequence” होता है, यानी memory में पूरा array store नहीं होता — बस start, step और stop याद रहता है।
अगर आपको उस range से **actual array** चाहिए तो `collect()` use करते हैं।

---

### Examples:

#### (a) Simple integer range

```julia
julia> collect(1:5)
5-element Vector{Int64}:
 1
 2
 3
 4
 5
```

👉 यहाँ `1:5` मतलब 1 से 5 तक का range है (step = 1 by default)।
`collect()` ने इसे array में बदल दिया।

---

#### (b) Floating point range

```julia
julia> collect(1.5:5.5)
5-element Vector{Float64}:
 1.5
 2.5
 3.5
 4.5
 5.5
```

👉 Julia automatically floating point step निकाल देता है (default step = 1.0)।

---

#### (c) Custom step size (`start:step:stop`)

```julia
julia> collect(0:5:50)
11-element Vector{Int64}:
  0
  5
 10
 15
 20
 25
 30
 35
 40
 45
 50
```

👉 यहाँ `0:5:50` का मतलब है:

* Start = 0
* Step = 5
* Stop = 50

---

### 🔹 2. बिना `collect()` भी इस्तेमाल कर सकते हो

अगर आपको सिर्फ range चाहिए (array नहीं) तो collect की ज़रूरत नहीं है:

```julia
julia> r = 1:5
1:5

julia> typeof(r)
UnitRange{Int64}

julia> r[3]
3
```

👉 `1:5` खुद एक **range object** है, जो array जैसा behave करता है लेकिन memory efficient होता है।

---

✅ Summary:

* `a:b` → start से stop तक step = 1 (range object)
* `a:s:b` → start से stop तक step = s (range object)
* `collect(range)` → actual array बना देता है

---

क्या आप चाहोगे कि मैं आपको **range बनाम collect array (memory और performance difference)** का छोटा demo दिखाऊँ?
=========================================================================================================
बहुत बढ़िया 👍 आपने Julia में **range से array बनाने के तीन अलग-अलग तरीके** देख लिए —
`splat operator (...)`, `collect()` और `range()` function। चलो इनको अच्छे से समझते हैं 👇

---

## 🔹 1. **Ellipsis / Splat Operator (`...`)**

अगर आपके पास range है और उसे array में expand करना है, तो `...` (splat operator) लगा सकते हैं।

```julia
julia> [0:10...]
11-element Vector{Int64}:
 0
 1
 2
 3
 4
 5
 6
 7
 8
 9
 10
```

👉 यहाँ `0:10` एक range है, और `...` लगाने से वो expand होकर array में बदल गया।
ये `collect(0:10)` जैसा ही काम करता है, बस syntax छोटा हो जाता है।

---

## 🔹 2. **range() function**

`range()` ज्यादा flexible है क्योंकि इसमें आप **start, stop, step या length** specify कर सकते हो।

### (a) Fixed **number of elements** (`length`)

```julia
julia> range(1, length=15, stop=150)
1.0:10.642857142857142:150.0
```

👉 यह एक range है जो `1` से `150` तक जाता है, और इसमें **15 elements** होंगे।

अगर array चाहिए:

```julia
julia> collect(range(1, length=15, stop=150))
15-element Vector{Float64}:
   1.0
  11.642857142857142
  22.285714285714285
  32.92857142857143
  ⋮
 150.0
```

---

### (b) Fixed **step size**

```julia
julia> range(1, stop=150, step=10)
1:10:141
```

👉 यहाँ `1` से शुरू होगा, हर बार `10` बढ़ेगा, और `150` से पहले रुकेगा।

Array में बदलने के लिए:

```julia
julia> collect(range(1, stop=150, step=10))
15-element Vector{Int64}:
   1
  11
  21
  31
  41
  51
  ⋮
 141
```

---

✅ **Summary Table**

| तरीका         | Syntax                                | Example                       | Output Type                                       |
| ------------- | ------------------------------------- | ----------------------------- | ------------------------------------------------- |
| `collect()`   | `collect(start:step:stop)`            | `collect(0:5:50)`             | Array                                             |
| `splat (...)` | `[range...]`                          | `[0:10...]`                   | Array                                             |
| `range()`     | `range(start, stop=, step=, length=)` | `range(1, stop=150, step=10)` | Range (Array बनाने के लिए `collect()` लगाना होगा) |

---

क्या आप चाहोगे कि मैं आपको **एक diagram के साथ समझाऊँ कि range memory में कैसे store होता है (lazy) और collect/splat उसको कैसे array में बदलते हैं (eager)?**

=========================================================================================================
बिलकुल सही 👍 आपने Julia में array बनाने के अलग-अलग powerful तरीक़े list कर दिए हैं। चलो इन्हें अच्छे से categories में समझते हैं 👇

---

## 🔹 1. **Array Comprehensions**

👉 Python जैसा ही, लेकिन Julia में और भी ज़्यादा optimized।

### (a) 1D comprehension

```julia
julia> [n^2 for n in 1:10]
10-element Vector{Int64}:
   1
   4
   9
  16
  25
  36
  49
  64
  81
 100
```

➡️ यहाँ `n^2` compute करके array बनाया गया।

### (b) 2D comprehension (matrix)

```julia
julia> [n*m for n in 1:10, m in 1:10]
10×10 Matrix{Int64}:
   1   2   3   4   5   6   7   8   9  10
   2   4   6   8  10  12  14  16  18  20
   3   6   9  12  15  18  21  24  27  30
   ⋮
  10  20  30  40  50  60  70  80  90 100
```

➡️ Outer loop = rows, inner loop = columns → Multiplication table बन गया।

---

## 🔹 2. **Generator Expressions**

👉 Comprehension जैसे ही, लेकिन lazy (array नहीं बनाते, values “on demand” देते हैं)।

```julia
julia> collect(n^2 for n in 1:5)
5-element Vector{Int64}:
  1
  4
  9
 16
 25
```

➡️ यहाँ `n^2 for n in 1:5` एक generator है, और `collect()` से array में बदला।
अगर array की ज़रूरत नहीं है, तो generator memory efficient होता है।

---

## 🔹 3. **Pre-filled Arrays**

Julia में ready-made functions हैं जो arrays को fill करके देते हैं:

### (a) Zeros

```julia
julia> zeros(4,5)
4×5 Matrix{Float64}:
 0.0  0.0  0.0  0.0  0.0
 0.0  0.0  0.0  0.0  0.0
 0.0  0.0  0.0  0.0  0.0
 0.0  0.0  0.0  0.0  0.0
```

👉 Default type `Float64` होता है, लेकिन आप type specify कर सकते हैं:

```julia
zeros(Int64, 4, 5)
```

### (b) Ones

```julia
julia> ones(4,5)
4×5 Matrix{Float64}:
 1.0  1.0  1.0  1.0  1.0
 1.0  1.0  1.0  1.0  1.0
 1.0  1.0  1.0  1.0  1.0
 1.0  1.0  1.0  1.0  1.0
```

### (c) Random uniform (0 to 1)

```julia
julia> rand(4,5)
4×5 Matrix{Float64}:
 0.514  0.889  0.197  0.721  0.900
 0.503  0.815  0.061  0.279  0.204
 0.688  0.883  0.653  0.659  0.970
 0.201  0.349  0.470  0.000  0.837
```

### (d) Random normal (mean=0, std=1)

```julia
julia> randn(4,5)
4×5 Matrix{Float64}:
 -0.191  -1.187   2.174   0.812   1.324
  0.123   0.455  -0.778   1.093  -0.562
 -1.223   0.743   0.331  -0.202  -0.391
  0.851  -0.674   0.220  -0.455   0.902
```

---

✅ **Quick Recap**

* **Comprehension** → सीधे formula से array बनाना
* **Generator** → lazy, memory efficient (on demand values)
* **zeros/ones/rand/randn** → ready-made arrays for numeric work

---

क्या आप चाहोगे कि मैं आपको एक **side-by-side comparison table** बना दूँ (Comprehension vs Generator vs Pre-filled Arrays) ताकि फर्क साफ दिखे?


=========================================================================================================
बहुत अच्छा 👌 आपने Julia में array बनाने और manipulate करने के advanced तरीक़े cover कर लिए। चलो सबको साफ़ categories में समझते हैं:

---

## 🔹 1. `fill()` vs `fill!()`

### (a) `fill(value, dims...)`

👉 नया array बनाता है, जो एक ही value से भरा होता है।

```julia
julia> fill(100, 5)
5-element Vector{Int64}:
 100
 100
 100
 100
 100

julia> fill("tutorialspoint.com", 3, 3)
3×3 Matrix{String}:
 "tutorialspoint.com"  "tutorialspoint.com"  "tutorialspoint.com"
 "tutorialspoint.com"  "tutorialspoint.com"  "tutorialspoint.com"
 "tutorialspoint.com"  "tutorialspoint.com"  "tutorialspoint.com"
```

---

### (b) `fill!(array, value)`

👉 किसी **existing array** को modify करता है। `!` का मतलब है कि यह function “in-place” काम करेगा।

```julia
julia> ABC = ones(5)
5-element Vector{Float64}:
 1.0
 1.0
 1.0
 1.0
 1.0

julia> fill!(ABC, 100)
5-element Vector{Float64}:
 100.0
 100.0
 100.0
 100.0
 100.0
```

➡️ अब `ABC` itself बदल गया।

---

## 🔹 2. Array Constructor

```julia
julia> Array{Int64}(undef, 5)
5-element Vector{Int64}:
 294967297
 8589934593
 8589934594
 8589934594
          0
```

👉 यह uninitialized array बनाता है → values random garbage memory से आती हैं।
आप बाद में इसमें data डाल सकते हो।

---

## 🔹 3. Arrays of Arrays

Julia में nested arrays भी बना सकते हो।

```julia
julia> ABC = Array[[3,4], [5,6]]
2-element Vector{Array}:
 [3, 4]
 [5, 6]

julia> Array[1:5, 6:10]
2-element Vector{Array}:
 [1, 2, 3, 4, 5]
 [6, 7, 8, 9, 10]
```

---

⚠️ लेकिन अगर comma हटा दोगे → तो Julia matrix बना देगा (columns side-by-side रखेगा):

```julia
julia> [[3,4] [5,6]]
2×2 Matrix{Int64}:
 3  5
 4  6
```

---

## 🔹 4. `similar()` function

```julia
julia> A = collect(1:5);

julia> B = similar(A)
5-element Vector{Int64}:
 164998448
 234899984
 383606096
 164557488
 396984416
```

👉 `similar(A)` → वही dimensions वाला array बना देगा, लेकिन values copy नहीं करेगा (uninitialized data रहेगा)।

---

## 🔹 5. Matrix Construction

Julia में 2D array (matrix) बनाने के लिए:

* Space (` `) → columns
* Semicolon (`;`) → new row

```julia
julia> [2 3; 4 5]
2×2 Matrix{Int64}:
 2  3
 4  5
```

---

✅ **Quick Recap Table**

| Function             | काम                  | Example                | Note                           |
| -------------------- | -------------------- | ---------------------- | ------------------------------ |
| `fill(x, dims...)`   | नया array बनाना      | `fill(0, 3, 3)`        | सब जगह same value              |
| `fill!(A, x)`        | existing array बदलना | `fill!(A, 99)`         | in-place modification          |
| `Array{T}(undef, n)` | Uninitialized array  | `Array{Int}(undef, 5)` | garbage values मिलेंगे         |
| `Array[... , ...]`   | array of arrays      | `Array[[1,2],[3,4]]`   | nested arrays                  |
| `[[...][...]]`       | 2D matrix            | `[[1,2] [3,4]]`        | proper matrix                  |
| `similar(A)`         | A जैसा empty array   | `similar([1,2,3])`     | shape/type same, values random |

---

👉 अब सवाल:
क्या आप चाहोगे कि मैं आपको **array of arrays** और **matrix** का फर्क एक diagram के साथ दिखाऊँ (जैसे memory structure में कैसे store होता है)?

=========================================================================================================
बिलकुल 👍 आपने Julia के **keyword arguments** वाले concept को सही पकड़ा।

---

## 🔹 Problem without keywords

अगर function में बहुत सारे arguments हों, तो order याद रखना मुश्किल हो जाता है:

```julia
function foo(a, b, c, d, e, f)
    # ...
end

foo("25", -5.6987, "hello", 56, good, 'ABC')   # कौनसा कहाँ जाएगा याद रखना मुश्किल
```

---

## 🔹 Keyword Arguments in Julia

Julia में semicolon `;` के बाद लिखे गए arguments automatically **keyword arguments** बन जाते हैं।

```julia
function foo(a, b; c=10, d="hi")
    println("a is $a")
    println("b is $b")
    return "c => $c, d => $d"
end
```

### ✅ Example 1: Default keyword values

```julia
julia> foo(100, 20)
a is 100
b is 20
"c => 10, d => hi"
```

👉 यहाँ `c` और `d` नहीं दिए गए थे, इसलिए default values (`10`, `"hi"`) लिए गए।

---

### ✅ Example 2: Passing keywords explicitly

```julia
julia> foo("Hello", "Tutorialspoint", c=pi, d=22//7)
a is Hello
b is Tutorialspoint
"c => π, d => 22//7"
```

👉 यहाँ `c` और `d` explicitly values से overwrite हो गए।

---

### ✅ Example 3: Order doesn’t matter

```julia
julia> foo(c=pi, d=22/7, "Hello", "Tutorialspoint")
a is Hello
b is Tutorialspoint
"c => π, d => 3.142857142857143"
```

👉 Keyword arguments को कहीं भी लिखा जा सकता है, order important नहीं है।

---

## 🔹 Summary

* Positional arguments → order matter करता है
* Keyword arguments (`;`) → order free + default values possible
* Keyword arguments से functions readable और maintainable बनते हैं

---

👉 अब आप बताइए, क्या मैं आपको **एक practical example** दिखाऊँ keyword arguments का (जैसे plotting function जहाँ `color`, `title`, `xlabel` keyword args हों)?
==================================================================================================================

अच्छा सवाल 👍
Julia में **Anonymous Functions** (यानी जिनका नाम नहीं होता) बहुत इस्तेमाल होते हैं।
इनका उपयोग छोटे-छोटे कामों के लिए किया जाता है जहाँ आपको बार-बार function का नाम define नहीं करना पड़े।

---

## Syntax

Anonymous function बनाने का तरीका है:

```julia
x -> expression
```

यहाँ `x` argument है और `expression` वह काम है जो करना है।

---

## Examples

### 1. Simple square function

```julia
julia> x -> x^2
#1 (generic function with 1 method)

julia> (x -> x^2)(5)
25
```

👉 यहाँ `(x -> x^2)` एक function है और तुरंत `(5)` pass करने पर result मिला `25`।

---

### 2. Multiple arguments

```julia
julia> (x, y) -> x + y
#3 (generic function with 1 method)

julia> ((x, y) -> x + y)(3, 7)
10
```

---

### 3. Anonymous function in `map`

`map` में बहुत useful होता है।

```julia
julia> map(x -> x^2, [1, 2, 3, 4, 5])
5-element Vector{Int64}:
  1
  4
  9
 16
 25
```

---

### 4. Assigning anonymous function to variable

अगर आप चाहें तो anonymous function को किसी variable में store करके बाद में call कर सकते हैं:

```julia
julia> square = x -> x^2
#5 (generic function with 1 method)

julia> square(9)
81
```

---

✅ Summary:

* Anonymous functions का कोई नाम नहीं होता।
* Mostly छोटे inline कामों के लिए use होते हैं।
* Syntax: `(args...) -> expression`

---

क्या आप चाहेंगे मैं आपको real-life example दूँ जैसे **filtering even numbers** या **sorting by custom rule** using anonymous functions?
=====================================================================================
Recursion का basic idea

Recursion मतलब कि कोई function खुद को call करे।

Example: sum(1 to x)
sum(x) = x > 1 ? sum(x-1) + x : x


Base case: x = 1 → तब function सिर्फ 1 return करता है।

Recursive case: x > 1 → function खुद को x-1 के साथ call करता है और x add करता है।

Step by step, अगर sum(5) call करें:

sum(5) = sum(4) + 5
sum(4) = sum(3) + 4
sum(3) = sum(2) + 3
sum(2) = sum(1) + 2
sum(1) = 1   # base case


अब calculation उल्टा होता है:

sum(2) = 1 + 2 = 3
sum(3) = 3 + 3 = 6
sum(4) = 6 + 4 = 10
sum(5) = 10 + 5 = 15


तो output = 15 ✅
=====================================================================================
Julia **traditional object-oriented language (OOP)** नहीं है, लेकिन इसमें **OOP जैसी कुछ features** मौजूद हैं। आइए step-by-step समझते हैं।

---

## 🔹 1. Julia OOP नहीं, पर **multiple dispatch** है

* Julia **class और inheritance** वाली traditional OOP नहीं है।
* Julia **types** (mutable और immutable) + **methods** + **multiple dispatch** का use करता है।
* यही तरीका Julia में objects और polymorphism को support करता है।

---

## 🔹 2. Types in Julia

### (a) Immutable type (जैसे class with read-only properties)

```julia
struct Point
    x::Float64
    y::Float64
end

p = Point(3.0, 4.0)
println(p.x)  # 3.0
```

### (b) Mutable type (जैसे class with modifiable properties)

```julia
mutable struct Person
    name::String
    age::Int
end

p = Person("Alice", 25)
p.age = 26     # modify possible
```

---

## 🔹 3. Methods

Julia में **methods function के बाहर define होते हैं**।
Multiple dispatch के कारण **same function अलग-अलग types के लिए** अलग behavior दिखा सकता है।

```julia
function greet(p::Person)
    println("Hello, my name is $(p.name) and I am $(p.age) years old")
end

greet(p)
```

---

## 🔹 4. Summary Comparison

| Feature          | Traditional OOP (Python/Java) | Julia                             |
| ---------------- | ----------------------------- | --------------------------------- |
| Classes          | Yes                           | No (struct/type)                  |
| Objects          | Yes                           | Yes (instances of struct)         |
| Methods in class | Yes                           | No, defined outside               |
| Inheritance      | Yes                           | Limited (abstract types & traits) |
| Polymorphism     | Yes                           | Multiple dispatch                 |

---

### 🔹 Conclusion

Julia **object-oriented नहीं है**, पर **object-like behavior** achieve करने के लिए **types + multiple dispatch** का इस्तेमाल करता है।
यह approach बहुत **flexible और fast** है, खासकर numerical computing में।

---

अगर आप चाहो तो मैं एक **small OOP-style example** दिखाऊँ Julia में, जैसे Python class वाला behavior, ताकि comparison आसानी से समझ आए।

क्या मैं दिखाऊँ?
=======================================================================================================
बिलकुल 👍 Julia में **`map` function** बहुत powerful है। इसे समझते हैं step by step।

---

## 🔹 1. What is `map`?

`map` एक higher-order function है जो:

* एक function (`func`) लेता है
* एक collection (`coll`) लेता है (जैसे Array)
* फिर **function को collection के हर element पर apply करता है**
* और **नया collection return करता है**

Syntax:

```julia
map(func, coll)
```

---

## 🔹 2. Example with Anonymous Function

```julia
julia> map(A -> A^3 + 3A - 3, [10, 3, -2])
3-element Vector{Int64}:
 1027
   33
  -17
```

### Step by step:

1. Collection: `[10, 3, -2]`
2. Function: `A -> A^3 + 3A - 3`

* For `A=10`: `10^3 + 3*10 - 3 = 1000 + 30 - 3 = 1027`
* For `A=3`: `3^3 + 3*3 - 3 = 27 + 9 - 3 = 33`
* For `A=-2`: `(-2)^3 + 3*(-2) - 3 = -8 - 6 - 3 = -17`

Output: `[1027, 33, -17]` ✅

---

## 🔹 3. Using Named Function

```julia
function f(x)
    return x^2 + 2x + 1
end

map(f, [1, 2, 3, 4])
```

Output: `[4, 9, 16, 25]`

---

## 🔹 4. Key Points

* `map` **original collection को change नहीं करता**; नया collection return करता है।
* Function कोई भी हो सकता है: anonymous, named, या even built-in function।
* `map` का advantage: **loop के बिना concise और readable code**।

---

अगर आप चाहो तो मैं आपको **2D array / matrix पर map का example** भी दिखाऊँ, जहाँ हर element पर function apply होगा।

क्या दिखाऊँ?
==================================================================================================
बिलकुल 🙂 Julia में **`filter` function** भी एक **higher-order function** है।

---

## 🔹 1. What is `filter`?

`filter` function:

* एक **function** लेता है (condition या predicate function)
* एक **collection** लेता है
* और collection का **नया subset return करता है**, जिसमें सिर्फ वो elements हों जो function के लिए `true` हों

Syntax:

```julia
filter(func, collection)
```

---

## 🔹 2. Example with Anonymous Function

```julia
julia> array = Int[1, 2, 3]
3-element Vector{Int64}:
 1
 2
 3

julia> filter(x -> x % 2 == 0, array)
1-element Vector{Int64}:
 2
```

### Step by step:

* Collection: `[1, 2, 3]`
* Function: `x -> x % 2 == 0` (check if number is even)

Check each element:

* `1 % 2 == 0` → false → removed
* `2 % 2 == 0` → true → kept
* `3 % 2 == 0` → false → removed

Output: `[2]` ✅

---

## 🔹 3. Using Named Function

```julia
function is_positive(x)
    return x > 0
end

filter(is_positive, [-3, 0, 5, 8, -2])
```

Output:

```
[5, 8]
```

---

## 🔹 4. Key Points

* `filter` **original collection को change नहीं करता**; नया array return करता है
* Function किसी भी प्रकार की condition हो सकती है
* अक्सर loops की जगह concise और readable code के लिए use किया जाता है

---

अगर चाहो तो मैं आपको **`filter` और `map` को साथ में use करने का example** दिखा सकता हूँ, जो बहुत practical है।

क्या मैं दिखाऊँ?

==================================================================================================
बिलकुल! 👍 Julia का **Generic Functions** और **Multiple Dispatch** concept बहुत unique है और इसे समझना numerical और scientific programming में बहुत जरूरी है। चलो इसे आसान तरीके से समझते हैं।

---

## 🔹 1. Generic Functions in Julia

* Julia में **सभी functions inherently generic** होते हैं।
* इसका मतलब: function **different types के arguments** के लिए काम कर सकता है।
* जब आप नए type के arguments के साथ function call करते हैं, Julia **automatically एक नया version (method) generate** कर देता है।

**Method** = function का एक specific type combination वाला version

**Overloading** = same function name के लिए अलग अलग argument types वाले methods define करना

---

## 🔹 2. Multiple Dispatch

**Multiple Dispatch** का मतलब:

* Julia function call करते समय **सभी arguments के types** देखता है
* फिर **सबसे suitable method** choose करता है
* अगर कोई match नहीं होता → **base case method** call होता है

यह Python या C++ में नहीं होता।

---

## 🔹 3. Example

```julia
# Base case
foo(A, B) = "base case"

# Methods with type annotations
foo(A::Number, B::Number) = "A and B are both numbers"
foo(A::Number, B) = "A is a number"
foo(A, B::Number) = "B is a number"
foo(A::Integer, B::Integer) = "A and B are both integers"
```

* अब `foo` function के पास **5 methods** हैं।
* Base case तब काम आता है जब कोई type match नहीं करता।

---

### 🔹 4. Calling Examples

```julia
julia> foo(4.5, 20)
"A and B are both numbers"

julia
julia> foo(20, "Hello")
"A is a number"

julia
julia> foo(50, 100)
"A and B are both integers"

julia
julia> foo("Hello", [100,200])
"base case"
```

---

## 🔹 5. Key Points

1. **Generic functions** → function सभी types के लिए flexible हैं
2. **Methods** → same function name के different type combinations
3. **Multiple dispatch** → Julia automatically correct method select करता है based on **all arguments**
4. **Base case method** → हमेशा safe fallback

---

💡 Advantage:

* Type-safe, readable और flexible code
* किसी argument combination पर भी **error नहीं आता** क्योंकि base case हमेशा cover करता है

---

अगर आप चाहो तो मैं इसका **diagram example** दिखा सकता हूँ, जिससे आप देख सकें कि Julia किस method को call करेगा हर type combination के लिए।

क्या मैं दिखाऊँ?

==================================================================================================
Julia में `$` **string interpolation** के लिए use होता है।

---

### 🔹 String Interpolation का मतलब:

* आप किसी variable या expression की value **सीधे string में insert** कर सकते हैं।
* Syntax:

```julia
"Text $variable more text"
"Sum = $(a + b)"
```

---

### 🔹 आपका Example

```julia
function pos(ax, by, cz=0)
    println("$ax, $by, $cz")
end
```

* `$ax` → variable `ax` की value string में insert होगी
* `$by` → variable `by` की value insert होगी
* `$cz` → variable `cz` की value insert होगी

```julia
julia> pos(3, 5)
3, 5, 0

julia> pos(1, 2, 9)
1, 2, 9
```

---

### 🔹 Curly braces (Optional)

* अगर आप **expression** या **complex calculation** करना चाहते हैं तो `$(...)` use कर सकते हैं:

```julia
a = 5
b = 3
println("Sum is $(a + b)")  # Output: Sum is 8
```

---

✅ Summary:

* `$` → variable की value string में डालने के लिए
* `$(...)` → किसी expression का result string में डालने के लिए

---

अगर चाहो तो मैं आपको **multi-line string interpolation** example भी दिखा सकता हूँ, जिससे template-style printing आसान हो जाए।

क्या दिखाऊँ?

==================================================================================================
हाँ, आपने जो example दिया है वो Julia में **loop के दौरान array को modify करने** का classic case दिखाता है। इसे step by step समझते हैं।

---

## 🔹 Example

```julia
c = [1]

for i in c
    push!(c, i)
    @show c
    sleep(1)
end
```

### Step by Step:

1. `c = [1]` → array में सिर्फ एक element है।
2. `for i in c` → loop array `c` के हर element पर iterate करेगा।
3. **Loop के अंदर** `push!(c, i)` → array `c` में नया element add करता है।
4. `@show c` → हर step में array दिखाता है।
5. `sleep(1)` → 1 second रोकता है ताकि output धीरे दिखे।

---

### 🔹 What happens

* पहली iteration: `i = 1` → `push!(c, 1)` → `c = [1,1]`
* दूसरी iteration: next `i = 1` (second element) → `push!(c, 1)` → `c = [1,1,1]`
* तीसरी iteration: next `i = 1` (third element) → `push!(c, 1)` → `c = [1,1,1,1]`
* ... और loop कभी खत्म नहीं होगा, क्योंकि array हमेशा बढ़ती रहती है।

**Infinite loop** 🚨

---

### 🔹 Important Note

* Julia में **for loop array के current length के अनुसार iterate करता है**, और array को बीच में modify करने से infinite loop या unexpected behavior हो सकता है।
* Solution:

  * Loop के लिए **copy** इस्तेमाल करें: `for i in copy(c)`
  * या नए elements को अलग array में store करें।

```julia
for i in copy(c)
    push!(c, i)
    @show c
end
```

अब loop केवल original elements पर iterate करेगा और **infinite loop नहीं होगा**।

---

अगर चाहो तो मैं **push! और array iteration के safe patterns** दिखा सकता हूँ जो practical programming में use होते हैं।

क्या मैं दिखाऊँ?

==================================================================================================
बिलकुल! 🙂 यह example Julia में **`global` keyword** के use को दिखाता है।

---

## 🔹 Explanation

```julia
for i in 1:10
    global hello
    if i % 3 == 0
        hello = i
    end
end

hello
```

### Step by Step:

1. `for i in 1:10` → loop 1 से 10 तक चलेगा।
2. `global hello` → यह बताता है कि variable `hello` **global scope** में रहेगा, ना कि loop के local scope में।
3. `if i % 3 == 0` → अगर `i` 3 से divisible है।
4. `hello = i` → उस moment का `i` global variable `hello` में store कर देगा।

---

### 🔹 What happens

* Loop में multiples of 3 हैं: `3, 6, 9`
* हर बार divisible होने पर `hello` update होता है:

```
i = 3 → hello = 3
i = 6 → hello = 6
i = 9 → hello = 9
```

* Loop खत्म होने के बाद **hello = 9** ✅

---

### 🔹 Key Points

1. Julia में **loop या function के अंदर variable by default local scope में रहता है**।
2. अगर आपको **loop के बाहर value चाहिए**, तो `global` keyword use करें।
3. `global` का overuse avoid करना चाहिए, क्योंकि यह performance slow कर सकता है।

---

अगर चाहो तो मैं **local और global variable difference** का छोटा diagram/example भी दिखा सकता हूँ, जिससे यह concept clear हो जाए।

क्या दिखाऊँ?

==================================================================================================
ठीक है Vishnudas 👍
मैं इसको **simple words** में समझाता हूँ:

---

### 🔹 Julia में **Module** क्या होता है?

* Module मतलब **एक बॉक्स** जैसा, जिसमें आप अपने related functions, variables, और types रख सकते हो।
* इससे आपका code साफ और organized रहता है।
* Example:

  ```julia
  module MyMath
      add(a, b) = a + b
      sub(a, b) = a - b
  end
  ```

अब `MyMath` नाम का एक बॉक्स (module) बन गया, जिसमें `add` और `sub` functions रखे हैं।

---

### 🔹 **Package / Module install करना**

Julia में बहुत सारे pre-made modules (libraries) होते हैं, जैसे Python में libraries होती हैं (`pandas`, `numpy` etc.).

* Julia का **Package Manager** use करके install करते हैं।
* REPL (Julia terminal) में `]` दबाओ → आप package mode में पहुँच जाओगे।
* Example:

  ```
  (@v1.5) pkg> add DataFrames
  ```

  इससे **DataFrames** नाम का package install हो जाएगा।

---

### 🔹 Installed Module को **use करना**

Install के बाद हमें Julia को बताना होता है कि इस box (module) के अंदर का code अभी चाहिए।
इसके लिए `using` keyword काम आता है।

Example:

```julia
using DataFrames
```

---

### 🔹 Example Code:

```julia
using DataFrames   # DataFrames module import किया

empty_df = DataFrame(X = 1:10, Y = 21:30)
```

इससे एक **table** (DataFrame) बनेगा:

| Row | X  | Y  |
| --- | -- | -- |
| 1   | 1  | 21 |
| 2   | 2  | 22 |
| ... | .. | .. |
| 10  | 10 | 30 |

यानि `X` column में 1 से 10 तक numbers और `Y` column में 21 से 30 तक numbers आ गए।

---

✅ **In Short:**

* **Module = Code का box** (functions, variables को organize करने के लिए)
* **add Package** = Install करना (package manager से)
* **using Package** = Use करना (current session में लाना)

---

क्या आप चाहोगे कि मैं आपके `main.jl` file से भी एक छोटा **example module बनाकर समझाऊँ**? (जैसे scheduling related functions को एक module में डालना).

==================================================================================================
बहुत अच्छा सवाल 👌 Vishnudas

Julia में **`using`** और **`import`** दोनों का काम होता है modules (या packages) को लाना, लेकिन इनका behavior थोड़ा अलग है।

---

### 🔹 1. `using`

* जब आप `using ModuleName` लिखते हो → तो पूरा module आपके session में आ जाता है।
* आप module के functions को **direct नाम से** call कर सकते हो।

Example:

```julia
using Statistics

mean([1,2,3])   # direct use
```

यहाँ `mean` function सीधे चल जाएगा क्योंकि `using` module के सभी exported functions को आपके scope में ले आता है।

---

### 🔹 2. `import`

* जब आप `import ModuleName` लिखते हो → तो पूरा module आता है, लेकिन functions को **module prefix** से call करना पड़ता है।

Example:

```julia
import Statistics

Statistics.mean([1,2,3])   # prefix लगाना जरूरी
```

यानि `import` ज्यादा **strict** है → आपको हमेशा module का नाम लिखना पड़ेगा।

---

### 🔹 Difference Table

| Feature      | `using`                                                    | `import`                                 |
| ------------ | ---------------------------------------------------------- | ---------------------------------------- |
| Access style | Direct function call (no prefix)                           | Module name prefix required              |
| Readability  | Short, easy to write                                       | Clearer (shows from where function came) |
| Safety       | नाम clash हो सकते हैं (दो modules में same function हो तो) | नाम clash से बचाता है                    |
| Example      | `mean([1,2,3])`                                            | `Statistics.mean([1,2,3])`               |

---

### 🔹 Extra: Selective Import

आप `using` और `import` दोनों से specific functions भी ला सकते हो:

```julia
using Statistics: mean   # सिर्फ mean लाओ
mean([1,2,3])

import Statistics: mean  # सिर्फ mean लाओ
mean([4,5,6])
```

---

✅ **In Short:**

* `using` → आसान, direct use (risk: नाम clash)
* `import` → strict, safe, हमेशा prefix लगाना पड़ता है

---

क्या आप चाहोगे कि मैं आपके `main.jl` file से ही एक छोटा सा example दिखाऊँ, जहाँ `using DataFrames` और `import DataFrames` का फर्क clear हो?

==================================================================================================
बहुत अच्छा Vishnudas 👌
चलो अब इसको **simple words** में समझते हैं:

---

## 🔹 `include()`

* अगर आपका code कई फाइलों में बंटा है (modular programming), और आप किसी दूसरी file का code current file में लाना चाहते हो → तो `include("filename.jl")` use करते हैं।
* यह उस file का code read करके आपके current module/namespace में चला देता है।

👉 Example:

```julia
# file1.jl
function hello()
    println("Hello from file1")
end
```

```julia
# main.jl
include("file1.jl")   # file1 का code ले आया
hello()               # अब function use कर सकते हो
```

इससे code को अलग-अलग files में रखकर project organize किया जा सकता है।

---

## 🔹 Packages और Status

Julia में packages Python libraries जैसे ही होते हैं।

* Package install करने के लिए: `] add PackageName`
* कौन-कौन से packages install हैं → देखने के लिए:

```julia
(@v1.5) pkg> status
```

Output:

```
Status `C:\Users\Leekha\.julia\environments\v1.5\Project.toml`
  [336ed68f] CSV v0.7.7
  [a93c6f00] DataFrames v0.21.7
  [864edb3b] DataStructures v0.18.6
  ...
```

यहाँ आपको सारे installed packages और उनके versions दिखते हैं।

---

## 🔹 Package Structure

हर Julia package का structure लगभग ऐसा होता है:

```
Calculus.jl/               ← पैकेज का folder
  src/                     ← main source code
    Calculus.jl            ← main file (entry point)
      module Calculus
        export derivative, check_gradient
        include("derivative.jl")
        include("check_derivative.jl")
        include("integrate.jl")
      end
    derivative.jl          ← functions अलग file में
    check_derivative.jl
    integrate.jl
    symbolic.jl
  test/                    ← test code
    runtests.jl
    finite_difference.jl
```

### Explanation:

* **`src/Calculus.jl`**

  * Main file, यहाँ `module Calculus` define है।
  * यहाँ से दूसरे छोटे files को `include()` किया गया है।

* **`derivative.jl`, `integrate.jl` आदि**

  * Functions अलग-अलग files में रखे गए हैं।
  * Example: `derivative()` function सिर्फ `derivative.jl` में लिखा है।

* **`export`**

  * बताता है कौनसे functions user को direct मिलेंगे (prefix के बिना)।

* **`test/`**

  * Testing के लिए अलग folder होता है।
  * Example: `runtests.jl` सब tests चलाता है।

---

✅ **In Short:**

* `include("file.jl")` → दूसरी file का code current file में लाओ।
* `status` → कौनसे packages installed हैं, check करो।
* हर Julia package → एक module होता है, जिसमें main file + helper files + test files होते हैं।

---

क्या आप चाहोगे कि मैं आपके `main.jl` project के लिए भी एक **mini package structure diagram** बना दूँ (कि इसमें कौनसे functions अलग files में रखे जा सकते हैं)?

==================================================================================================
ठीक है Vishnudas 👍

जो output आपने share किया है:

```
(@v1.11) pkg> status
Status `C:\Users\Pratiti_Users\.julia\environments\v1.11\Project.toml` (empty project)
```

इसका मतलब है कि:

* आप अभी Julia **v1.11** के **default environment** में हो।
* लेकिन इस environment में अभी **कोई भी package install नहीं है**। (इसलिए `empty project` दिखा रहा है)।

---

### 🔹 अब आपको क्या करना है?

अगर आप `main.jl` run करना चाहते हो, तो उसमें बहुत सारे packages use हो रहे हैं (`DataFrames`, `CSV`, `YAML`, `HTTP`, `Oxygen` आदि)।
तो आपको इन्हें अपने environment में install करना होगा।

### 1. Package Manager में जाओ

Julia REPL (terminal) में:

```
]
```

अब आप pkg mode में आ जाओगे। (prompt ऐसा दिखेगा: `(@v1.11) pkg>`)

---

### 2. Required packages install करो

एक-एक करके install कर सकते हो, जैसे:

```
(@v1.11) pkg> add DataFrames CSV YAML HTTP Oxygen JSON3 StructTypes LoggingExtras
```

अगर और भी चाहिए तो error आने पर Julia बताएगा — आप बस `add PackageName` कर लो।

---

### 3. Check installed packages

फिर से:

```
(@v1.11) pkg> status
```

अब आपको list में packages और उनके versions दिखेंगे।

---

✅ **In short:**

* अभी आपका environment खाली है।
* आपको manually `add PackageName` करके सारे dependencies install करने होंगे।

---

क्या आप चाहोगे कि मैं आपके `main.jl` file से सारे **packages की complete list** निकालकर आपको एक single install command दे दूँ, ताकि आपको बार-बार error न आए?

==================================================================================================
बहुत अच्छा Vishnudas 👌 चलो इसको detail में समझते हैं।

---

## 🔹 Julia में `struct` क्या होता है?

* `struct` का मतलब है **अपना खुद का data type बनाना**।
* जैसे Python में `class` होता है या C/Java में `struct` होता है।
* इसमें आप अलग-अलग fields (variables) define कर सकते हो, जिनके types भी fix कर सकते हो।

---

### 🟢 Example from your code

```julia
struct UnData
    npd_flag::Bool
    unfreezed_order_duration_list::Array
end
```

इसका मतलब है:

* `UnData` नाम का नया type बनाया।
* इसमें दो fields हैं:

  1. `npd_flag` → एक Boolean (`true` या `false`)
  2. `unfreezed_order_duration_list` → एक Array (list of something)

अब आप ऐसे object बना सकते हो:

```julia
u = UnData(true, ["job1", "job2"])
println(u.npd_flag)                     # true
println(u.unfreezed_order_duration_list) # ["job1", "job2"]
```

---

## 🔹 क्यों use करते हैं?

* Data को एक logical group में रखने के लिए।
* Example: अगर आपके पास हर बार दो values (flag और list) एक साथ pass करनी हैं, तो बार-बार tuple/dict use करने की बजाय एक `struct` बनाना बेहतर है।

---

## 🔹 JSON-Compatible बनाना

आपका server API JSON data लेता है। Example (POST request से data आता है):

```json
{
  "npd_flag": true,
  "unfreezed_order_duration_list": [
    {"schedule_start_date": "2025-08-20 08:00", "duration": "120"}
  ]
}
```

Julia को ये JSON parse करके automatically `UnData` object में बदलना है।
इसके लिए **StructTypes.jl** package use होता है।

---

### 🟢 Code in your file

```julia
StructTypes.StructType(::Type{UnData}) = StructTypes.Struct()
```

इसका मतलब है:

* Julia को बता दो कि `UnData` एक "Struct type" है जिसे JSON data से भर सकते हो।
* अब जब JSON आएगा → Julia उसको auto-parse करके `UnData` object बना देगा।

---

### 🟢 Example (Step by Step)

```julia
using JSON3, StructTypes

# Define struct
struct UnData
    npd_flag::Bool
    unfreezed_order_duration_list::Array
end

StructTypes.StructType(::Type{UnData}) = StructTypes.Struct()

# Example JSON string
json_str = """
{
  "npd_flag": true,
  "unfreezed_order_duration_list": [1,2,3]
}
"""

# Parse JSON into UnData
u = JSON3.read(json_str, UnData)

println(u.npd_flag)  # true
println(u.unfreezed_order_duration_list) # [1,2,3]
```

---

## ✅ Summary

* `struct` = custom data type (group of fields).
* `::Type` = field का type fix कर सकते हैं (`Bool`, `Int`, `String`, `Array`, etc.).
* `StructTypes.StructType` = बताता है कि JSON को इस struct में map किया जा सकता है।
* Julia server में जब API call आता है, तो JSON → Struct में auto-convert हो जाता है (बहुत useful for web APIs).

---

👉 Vishnudas, क्या मैं आपको आपके दूसरे struct (`RawData`) को भी इसी तरह detail में समझाऊँ? (उसमें fields बहुत ज़्यादा हैं, तो मैं उसको एक-एक करके तोड़कर समझा सकता हूँ)।

==================================================================================================
बहुत अच्छा सवाल 👌 Vishnudas — चलो इस line को **step by step** तोड़कर समझते हैं:

---

### 🔹 Line in question

```julia
StructTypes.StructType(::Type{UnData}) = StructTypes.Struct()
```

---

### 1. `StructTypes` package

* ये Julia का package है (part of `JSON3.jl`) जो बताता है कि **किस तरह का data type JSON से map होगा**।
* Default Julia को ये नहीं पता कि आपका custom `struct` JSON में कैसे convert/parse करना है।
* `StructTypes` इस mapping का rule define करता है।

---

### 2. Function Definition Style

यह Julia का **method definition** है।
मतलब: "जब `StructTypes.StructType` को `UnData` type के साथ call किया जाए, तो उसका result `StructTypes.Struct()` होना चाहिए।"

---

### 3. Breaking it down

* `StructTypes.StructType` → एक function है, जो किसी type की **JSON mapping rule** पूछता है।
* `(::Type{UnData})` → इसका मतलब है "अगर argument `UnData` type है"।

  * `::Type{UnData}` = ये pattern match करता है जब हम function को `UnData` type पास करें।
* `= StructTypes.Struct()` → इसका मतलब है result होगा "यह एक normal JSON struct है।"

---

### 4. Example

```julia
using JSON3, StructTypes

struct UnData
    npd_flag::Bool
    unfreezed_order_duration_list::Array
end

# बताना कि JSON <-> UnData struct possible है
StructTypes.StructType(::Type{UnData}) = StructTypes.Struct()

json_str = """{"npd_flag": true, "unfreezed_order_duration_list": [1,2,3]}"""

u = JSON3.read(json_str, UnData)

println(u.npd_flag)                     # true
println(u.unfreezed_order_duration_list) # [1,2,3]
```

👉 अगर आप ये line (`StructTypes.StructType(...)`) नहीं लिखोगे, तो JSON3 error देगा:

```
ArgumentError: Type UnData is not a valid StructTypes.Struct()
```

---

### ✅ In Short

* यह line Julia को बताती है:
  `"UnData एक struct है, और JSON को इससे map करो।"`
* Syntax ऐसा दिखता है क्योंकि Julia में functions **types पर specialize** किए जा सकते हैं।

---

क्या आप चाहोगे कि मैं आपको **एक diagram बनाकर समझाऊँ**, कि JSON string → `StructTypes` → `UnData struct` कैसे flow होता है?

==================================================================================================

ठीक है Vishnudas 👍 चलो **Dictionary** को simple words में समझते हैं:

---

## 🔹 Dictionary क्या है?

* Dictionary = **key → value** का collection.
* Python में भी Dictionary होता है, C++ में map होता है।
* Key हमेशा **unique** होता है, और हर key किसी **value** को point करता है।

👉 ऐसे सोचो जैसे **phone book**:

```
"Vishnudas" → 9876543210
"Pratiti"   → 9123456789
```

नाम (key) से number (value) मिलता है।

---

## 🔹 Dictionary बनाना

Syntax:

```julia
Dict("key1" => value1, "key2" => value2)
```

Example:

```julia
first_dict = Dict("X" => 100, "Y" => 110, "Z" => 220)
```

Output:

```
Dict{String, Int64} with 3 entries:
  "Y" => 110
  "Z" => 220
  "X" => 100
```

---

## 🔹 Dictionary with comprehension

आप loop से dictionary बना सकते हो:

```julia
first_dict = Dict(string(x) => sind(x) for x = 0:5:360)
```

यहाँ हर `x` (0 से 360 तक, step 5) → उसकी sine value dictionary में डाल दी जाती है।

Example (partial):

```
"0"   => 0.0
"30"  => 0.5
"90"  => 1.0
"180" => 0.0
```

---

## 🔹 Keys in Dictionary

* Keys unique होते हैं।
* अगर आप किसी existing key को दोबारा assign करते हो → तो नया नहीं बनेगा, पुराना update होगा।

Example:

```julia
d = Dict("A" => 1, "B" => 2)

d["A"] = 100   # key "A" का value बदल गया
println(d)
```

Output:

```
Dict("A" => 100, "B" => 2)
```

---

## 🔹 Key search

आप check कर सकते हो कि कोई key dictionary में है या नहीं:

```julia
first_dict = Dict("X" => 100, "Y" => 110, "Z" => 220)

println(haskey(first_dict, "Z"))   # true
println(haskey(first_dict, "A"))   # false
```

---

## ✅ Summary

* Dictionary = keys और values का pair collection
* Key unique होना चाहिए
* Value किसी भी type की हो सकती है
* Useful functions:

  * `haskey(dict, key)` → check key exists
  * `keys(dict)` → सारे keys निकालना
  * `values(dict)` → सारे values निकालना
  * `dict[key]` → value access/update

---

👉 आपके `main.jl` project में भी **Dictionary** बहुत use हुआ है (जैसे `base_dict`), जहाँ machines, work centers, और dates को nested dictionary के रूप में रखा गया है।

क्या आप चाहोगे कि मैं `base_dict` का structure एक **diagram** बनाकर समझाऊँ (machine → work center → shift → date → duration)?

==================================================================================================
बहुत बढ़िया Vishnudas 👌 आपने अब Dictionary के **operations** देखना शुरू किया है। चलिए इसको simple words और छोटे examples में समझते हैं:

---

## 🔹 1. Key/Value pair check करना

`in()` function से check कर सकते हैं कि कोई **key-value pair** dictionary में है या नहीं।

```julia
first_dict = Dict("X" => 100, "Y" => 110, "Z" => 220)

println(in(("X" => 100), first_dict))  # true
println(in(("X" => 220), first_dict))  # false
```

---

## 🔹 2. नया key-value add करना

अगर dictionary में नया key डालना है → बस index लिखकर assign कर दो:

```julia
first_dict["R"] = 400
println(first_dict)
```

Output:

```
Dict("Y" => 110, "Z" => 220, "X" => 100, "R" => 400)
```

---

## 🔹 3. Key delete करना

किसी key को हटाने के लिए `delete!()` use करते हैं।

```julia
delete!(first_dict, "R")
println(first_dict)
```

Output:

```
Dict("Y" => 110, "Z" => 220, "X" => 100)
```

---

## 🔹 4. सारे Keys निकालना

```julia
println(keys(first_dict))
```

Output:

```
["Y", "Z", "X"]
```

---

## 🔹 5. सारे Values निकालना

```julia
println(values(first_dict))
```

Output:

```
[110, 220, 100]
```

---

## 🔹 6. Dictionary Iteration

Dictionary iterable होता है → मतलब आप `for` loop से key/value pairs पर loop कर सकते हो।

```julia
for kv in first_dict
    println(kv)
end
```

Output:

```
"Y" => 110
"Z" => 220
"X" => 100
```

👉 यहाँ `kv` एक **tuple** है (`key => value`)

अगर आपको सिर्फ keys और values चाहिए, तो:

```julia
for (k, v) in first_dict
    println("Key = $k, Value = $v")
end
```

Output:

```
Key = Y, Value = 110
Key = Z, Value = 220
Key = X, Value = 100
```

---

## ✅ Summary

* `in(("X"=>100), dict)` → check key/value pair
* `dict["R"] = 400` → नया pair add
* `delete!(dict, "R")` → pair हटाओ
* `keys(dict)` → सारे keys
* `values(dict)` → सारे values
* `for (k,v) in dict` → iterate over dictionary

---

👉 आपके `main.jl` project में dictionary **बहुत nested form** में use हुआ है (machine → work center → shift → date → duration)।
क्या आप चाहोगे कि मैं उसी का **real-life analogy example** बना दूँ, ताकि समझ आए कि इतना nested dictionary क्यों use हुआ है?

==================================================================================================
Bilkul! Chalo step by step samajhte hain ye Julia dictionary sorting ka example:

---

### 1️⃣ Normal `Dict` (unsorted dictionary)

```julia
first_dict = Dict("R" => 100, "S" => 220, "T" => 350, "U" => 400, "V" => 575, "W" => 670)
```

* `Dict` **keys ko order me store nahi karta**.
* Jab print karte ho, keys random order me aa sakti hain:

```
"S" => 220
"U" => 400
"T" => 350
"W" => 670
"V" => 575
"R" => 100
```

Yaha pe order fix nahi hai.

---

### 2️⃣ Temporarily sorted dictionary

Agar keys ko **alphabetically sorted order me print** karna ho, to aise karte hain:

```julia
for key in sort(collect(keys(first_dict)))
    println("$key => $(first_dict[key])")
end
```

* `keys(first_dict)` → sab keys le aata hai.
* `collect(...)` → keys ko array me convert karta hai.
* `sort(...)` → array ko alphabetically sort karta hai.
* Phir `println` se sorted keys ke saath value print hoti hai.

Output:

```
R => 100
S => 220
T => 350
U => 400
V => 575
W => 670
```

✅ Iska matlab: ye **temporary sorting** hai, dictionary khud sorted nahi hoti.

---

### 3️⃣ `SortedDict` (always sorted dictionary)

Julia me `DataStructures.jl` package ka `SortedDict` use karke dictionary **hamesha sorted rahegi**:

```julia
import DataStructures

first_dict = DataStructures.SortedDict("S" => 220, "T" => 350, "U" => 400, "V" => 575, "W" => 670)
```

* Yaha pe dictionary automatically keys ke order me store hoti hai.
* Agar new key add karein:

```julia
first_dict["R"] = 100
```

To dictionary automatically re-order ho jati hai:

```
"R" => 100
"S" => 220
"T" => 350
"U" => 400
"V" => 575
"W" => 670
```

✅ Matlab: `SortedDict` use karne se **hamesha sorted keys** milti hain, chahe new keys add karo ya update karo.

---

### 4️⃣ Summary

| Feature      | `Dict`          | `SortedDict`           |
| ------------ | --------------- | ---------------------- |
| Order        | Random          | Always sorted          |
| Add new key  | Order not fixed | Automatically sorted   |
| Requires pkg | No              | Yes (`DataStructures`) |

---

Agar chaho, mai ek **one-liner trick** bhi dikha sakta hoon jisse `Dict` ko temporarily sorted copy me use kar sakte ho bina package ke.

Kya mai wo bhi dikha doon?


==================================================================================================
Alright! Let’s break down **sets in Julia** step by step.

---

## 1️⃣ What is a Set?

A **set** is a **collection of unique elements**, like an array but with some key differences:

* Each element occurs **only once**.
* **Order doesn’t matter**—elements are not stored in a particular order.

Example:

```julia
["red", "green", "blue", "red"]   # Array with duplicates
```

If we convert this to a set, `"red"` will appear **only once**.

---

## 2️⃣ Creating an empty set

```julia
var_color = Set()
```

* Creates an empty set of type `Set{Any}` (can store anything).

```julia
num_primes = Set{Int64}()
```

* Creates an empty set that can only store **integers**.

---

## 3️⃣ Creating a set with elements

```julia
var_color = Set{String}(["red", "green", "blue"])
```

* Creates a set with 3 unique strings.
* Order does not matter:

```
Set{String} with 3 elements:
  "blue"
  "green"
  "red"
```

---

## 4️⃣ Adding elements to a set

```julia
push!(var_color, "black")
```

* Adds `"black"` to the set.
* If the element already exists, it **won’t be added again**.

Example result:

```
Set{String} with 4 elements:
  "blue"
  "green"
  "black"
  "red"
```

---

## 5️⃣ Checking if an element exists

```julia
in("red", var_color)     # true
in("yellow", var_color)  # false
```

* `in(element, set)` → checks if the element is in the set.

---

### ✅ Summary

* Sets store **unique elements only**.
* No particular **order** of elements.
* Use `Set()` to create empty sets, or `Set([...])` to create with elements.
* Use `push!()` to add new elements.
* Use `in()` to check membership.

---

If you want, I can also show **Julia set operations** like union, intersection, difference, and how they are useful in practice.

Do you want me to explain that?


==================================================================================================
Perfect! Let’s break this **sets and dictionary operations** in Julia step by step.

---

## **1️⃣ Standard Set Operations**

We can perform **union**, **intersection**, and **difference** on sets using `union()`, `intersect()`, and `setdiff()` functions.

---

### **a) Union**

* Combines all **unique elements** from two sets.

```julia
color_rainbow = Set(["red","orange","yellow","green","blue","indigo","violet"])
union(var_color, color_rainbow)
```

* Example result:

```
Set{String} with 8 elements:
  "indigo", "yellow", "orange", "blue", "violet", "green", "black", "red"
```

✅ All unique colors from both sets are included.

---

### **b) Intersection**

* Returns elements **common to both sets**.

```julia
intersect(var_color, color_rainbow)
```

* Example result:

```
Set{String} with 3 elements:
  "blue", "green", "red"
```

✅ Only the colors present in both sets are returned.

---

### **c) Difference**

* Returns elements in the **first set** that are **not in the second set**.

```julia
setdiff(var_color, color_rainbow)
```

* Example result:

```
Set{String} with 1 element:
  "black"
```

✅ `"black"` is in `var_color` but not in `color_rainbow`.

---

## **2️⃣ Dictionary Operations**

Many set-like functions also work on dictionaries. When used, they return arrays of `Pair{key,value}`.

```julia
dict1 = Dict(100=>"X", 220=>"Y")
dict2 = Dict(220=>"Y", 300=>"Z", 450=>"W")
```

---

### **a) Union of dictionaries**

```julia
union(dict1, dict2)
```

* Combines all **unique key-value pairs**:

```
4-element Array{Pair{Int64,String},1}:
 100 => "X"
 220 => "Y"
 450 => "W"
 300 => "Z"
```

---

### **b) Intersection of dictionaries**

```julia
intersect(dict1, dict2)
```

* Returns only **common key-value pairs**:

```
1-element Array{Pair{Int64,String},1}:
 220 => "Y"
```

---

### **c) Difference of dictionaries**

```julia
setdiff(dict1, dict2)
```

* Returns **key-value pairs in dict1 but not in dict2**:

```
1-element Array{Pair{Int64,String},1}:
 100 => "X"
```

---

### **d) Merging dictionaries**

```julia
merge(dict1, dict2)
```

* Combines both dictionaries into a new dictionary:

```
Dict{Int64,String} with 4 entries:
 100 => "X"
 220 => "Y"
 300 => "Z"
 450 => "W"
```

---

### **e) Finding the smallest element**

```julia
dict1
findmin(dict1)
```

* `findmin(dict1)` → returns the **key-value pair with the smallest value**.

Example output:

```
("X", 100)
```

✅ Useful when you want the **minimum value or minimum key** in a dictionary.

---

### ✅ Summary

| Operation      | Sets                    | Dictionaries              |
| -------------- | ----------------------- | ------------------------- |
| Union          | `union(set1, set2)`     | `union(dict1, dict2)`     |
| Intersection   | `intersect(set1, set2)` | `intersect(dict1, dict2)` |
| Difference     | `setdiff(set1, set2)`   | `setdiff(dict1, dict2)`   |
| Merge          | N/A                     | `merge(dict1, dict2)`     |
| Smallest value | N/A                     | `findmin(dict1)`          |

---

If you want, I can also make a **visual diagram showing union, intersection, difference** for sets and dictionaries—it makes it very easy to remember.

Do you want me to do that?

==================================================================================================
Sure! Let’s go **step by step** and understand **error handling in Julia**.

---

## **1️⃣ What is error handling?**

Error handling is the process of **catching and responding to errors** that occur during program execution, instead of letting the program crash.

In Julia, you can handle errors using **`try`, `catch`, and `finally` blocks**.

---

## **2️⃣ Basic Syntax**

```julia
try
    # Code that might throw an error
    x = 10 / 0
catch e
    # Code to run if an error occurs
    println("Error occurred: ", e)
finally
    # Code that always runs (optional)
    println("This always executes")
end
```

### **Explanation:**

* `try` → contains the code that **might throw an error**.
* `catch e` → **catches the error** in variable `e`.
* `finally` → **optional** block, always runs, whether there was an error or not.

---

### **Example 1: Handling Division by Zero**

```julia
try
    result = 10 / 0
catch e
    println("Caught an error: ", e)
end
```

Output:

```
Caught an error: DivideError()
```

✅ Program doesn’t crash; it prints a message instead.

---

### **Example 2: Catching a Specific Error Type**

```julia
try
    result = parse(Int, "abc")
catch e::ArgumentError
    println("Cannot convert string to integer")
end
```

* Here we catch only `ArgumentError`.
* If a different error occurs, it will not be caught.

---

### **Example 3: Using `finally`**

```julia
try
    open("nonexistent_file.txt")
catch e
    println("Error: ", e)
finally
    println("Closing resources or cleanup")
end
```

* `finally` block can be used to **close files, release resources**, etc.
* It runs whether or not an error occurred.

---

## **3️⃣ Throwing Your Own Errors**

Sometimes you want to **raise an error manually**:

```julia
x = -5
if x < 0
    throw(ArgumentError("x cannot be negative"))
end
```

Output:

```
ERROR: ArgumentError: x cannot be negative
```

✅ You can use `throw()` with built-in or custom error types.

---

## **4️⃣ Common Error Types in Julia**

| Error Type      | When it occurs                      |
| --------------- | ----------------------------------- |
| `ArgumentError` | Invalid arguments                   |
| `DivideError`   | Division by zero                    |
| `BoundsError`   | Index out of array bounds           |
| `TypeError`     | Invalid type operation              |
| `DomainError`   | Function input outside valid domain |
| `KeyError`      | Key not found in dictionary         |

---

### ✅ **Summary**

1. Use `try...catch...finally` to handle errors gracefully.
2. `catch e` lets you inspect or log the error.
3. `finally` is useful for **cleanup tasks**.
4. Use `throw()` to **manually raise errors**.
5. Julia has **many built-in error types** for specific problems.

---

If you want, I can also give a **practical example combining file reading, parsing, and error handling** in Julia—it’s a common real-world scenario.

Do you want me to show that?

==================================================================================================
Bhai, Julia (aur Python jaisi languages) me `Dict` basically ek key-value store hai. Tumhari scheduling wali code me ye baar-baar ho raha hai:

---

### 1. **Value add karna (insert/update in Dict)**

Julia me nayi value add/overwrite karne ka syntax hai:

```julia
mydict["key"] = "value"
```

👉 Example tumhari code jaisi situation:

```julia
daily_schedule["2026-10-01"] = 384   # yaha key = "2026-10-01", value = 384
```

Agar key pehle se exist karta hai to overwrite hoga, warna naya entry banega.

---

### 2. **Value nikalna (fetch from Dict)**

Dict me se value lene ka syntax:

```julia
val = mydict["key"]
```

👉 Example tumhari code me:

```julia
duration = daily_schedule["2026-09-30"]   # is din ka duration le rahe ho
```

Agar key exist nahi karta to `KeyError` aayega. Safe tarika:

```julia
get(daily_schedule, "2026-09-30", "Not Found")
```

Ye `"Not Found"` return karega agar key missing ho.

---

### 3. **Tumhare code me kahaan add aur kahaan get ho raha hai**

* **Add karna (insert/update)** → jab tum `daily_schedule[some_date] = duration` likhte ho.
* **Nikalna (fetch)** → jab tum `duration = daily_schedule[some_date]` ya `keys(daily_schedule)` use karte ho.

---

Kya chahte ho mai tumhari poori scheduler code traverse karke ek-ek jagah bata du ki
➡ yaha add kar rahe ho
➡ yaha nikal rahe ho?

==================================================================================================
ठीक है 👍 अब तुम्हें **Dict** में **नया column add** करना है, तो थोड़ा clarify करना पड़ेगा:

Julia में `Dict` basically ek **key → value** map है, इसमें "column" वैसे नहीं होते जैसे `DataFrame` या SQL table में होते हैं.
लेकिन तुम्हारे use-case में do possibilities हैं 👇

---

## 1. Agar tum simple `Dict{String, Any}` use kar rahe ho

मतलब daily\_schedule जैसा:

```julia
daily_schedule = Dict("2026-09-30" => 384, "2026-10-01" => 384)
```

➡ इसमें "column" जोड़ने का मतलब है key के value को थोड़ा complex बनाना, जैसे **Dict of Dict** (nested dict).

Example:

```julia
# Nested dict: each date has multiple fields (duration, status, etc.)
daily_schedule = Dict(
    "2026-09-30" => Dict("duration" => 384, "status" => "done"),
    "2026-10-01" => Dict("duration" => 384, "status" => "pending")
)

# नया column (field) add करना:
daily_schedule["2026-09-30"]["machine"] = "M1"
```

अब dict ऐसे दिखेगा:

```julia
Dict(
  "2026-09-30" => Dict("duration"=>384, "status"=>"done", "machine"=>"M1"),
  "2026-10-01" => Dict("duration"=>384, "status"=>"pending")
)
```

---

## 2. Agar tum `DataFrame` use kar रहे हो (Recommended for tabular data)

Julia में `DataFrames.jl` package use करके तुम table जैसा structure बना सकते हो.

Example:

```julia
using DataFrames

df = DataFrame(date=["2026-09-30", "2026-10-01"], duration=[384, 384])

# नया column add करना
df.machine = ["M1", "M2"]

println(df)
```

Output:

```
2×3 DataFrame
 Row │ date       duration  machine 
─────┼─────────────────────────────
   1 │ 2026-09-30      384  M1
   2 │ 2026-10-01      384  M2
```

---

👉 अब बताओ तुम्हारा data **Dict of Dict** में manage करना चाहते हो, या proper **DataFrame** format चाहिए?
क्योंकि "नया column" add करने का तरीका इन दोनों में अलग होगा.

==================================================================================================
अच्छा सवाल 👍
ये लाइन तुमने अपने scheduler code में लिखी थी:

```julia
value[j] = vcat([j + mf + flag], value[j])
```

---

### 1. `vcat` क्या करता है?

Julia में `vcat` का मतलब है **vertical concatenation** → मतलब दो arrays को जोड़ना (ऊपर-नीचे stack करना)।
सिंपल example:

```julia
a = [1, 2, 3]
b = [4, 5]
c = vcat(a, b)   # [1, 2, 3, 4, 5]
```

---

### 2. तुम्हारे case में

```julia
vcat([j + mf + flag], value[j])
```

* `[j + mf + flag]` → ek 1-element array बना (जैसे `[123.4]`)
* `value[j]` → ये पहले से ek array है (तुम operation की list build कर रहे हो)

तो ये दोनों arrays को join करके **नया array** बना देता है जिसमें सबसे पहला element `j + mf + flag` हो जाता है और उसके बाद पुराना array।

Example:

```julia
value[j] = ["2025-08-25 08:00", "Parent", "1002033565"]

value[j] = vcat([123], value[j])

# अब value[j] बन गया:
[123, "2025-08-25 08:00", "Parent", "1002033565"]
```

---

### 3. क्यों किया जा रहा है?

* ये तुम्हारा **index/score (`j + mf + flag`)** ko prepend (शुरुआत में डालने) के लिए है.
* अगर tum normal `push!` use करते, तो value end में जाता.
* यहाँ तुम्हें specially चाहिए कि वह **पहले column** में आए.

---

### 4. Alternative (ज्यादा readable तरीका)

Julia में aur clean तरीका है:

```julia
insert!(value[j], 1, j + mf + flag)
```

इससे भी वही होगा: नया element पहले index पर चला जाएगा, बाकी पीछे shift हो जाएंगे.

---

👉 अब तुम बताओ:
तुम चाहते हो हमेशा **पहले element** पर डालना, या कभी-कभी बीच/अंत में भी insert करना?

==================================================================================================
==================================================================================================
==================================================================================================
==================================================================================================
